// Jest Snapshot v1, https://goo.gl/fbAQLP

exports[`ItemsList Matches snapshot 1`] = `
"<div className=\\"items-list\\">
  <Slider items={{...}} />
</div>"
`;
