// Jest Snapshot v1, https://goo.gl/fbAQLP

exports[`UserContainer Matches snapshot 1`] = `"<Loader />"`;
