// Jest Snapshot v1, https://goo.gl/fbAQLP

exports[`CategoryItem Matches snapshot 1`] = `
"<div>
  <Link to={{...}}>
    <img src={[undefined]} alt={[undefined]} />
    <p />
  </Link>
</div>"
`;
